HG00096	/data/T2T-Y/globus/v1-b_draft_hgsvc3_2024/assemblies/HG00096.vrk-ps-sseq.chrY.renamed.fasta	HGSVC
HG00358	/data/T2T-Y/globus/v1-b_draft_hgsvc3_2024/assemblies/HG00358.vrk-ps-sseq.chrY.renamed.fasta	HGSVC
HG00512	/data/T2T-Y/globus/v1-b_draft_hgsvc3_2024/assemblies/HG00512.vrk-ps-sseq.chrY.renamed.fasta	HGSVC
HG00731	/data/T2T-Y/globus/v1-b_draft_hgsvc3_2024/assemblies/HG00731.vrk-ps-sseq.chrY.renamed.fasta	HGSVC
HG01457	/data/T2T-Y/globus/v1-b_draft_hgsvc3_2024/assemblies/HG01457.vrk-ps-sseq.chrY.renamed.fasta	HGSVC
HG01505	/data/T2T-Y/globus/v1-b_draft_hgsvc3_2024/assemblies/HG01505.vrk-ps-sseq.chrY.renamed.fasta	HGSVC
HG01596	/data/T2T-Y/globus/v1-b_draft_hgsvc3_2024/assemblies/HG01596.vrk-ps-sseq.chrY.renamed.fasta	HGSVC
HG01890	/data/T2T-Y/globus/v1-b_draft_hgsvc3_2024/assemblies/HG01890.vrk-ps-sseq.chrY.renamed.fasta	HGSVC
HG02011	/data/T2T-Y/globus/v1-b_draft_hgsvc3_2024/assemblies/HG02011.vrk-ps-sseq.chrY.renamed.fasta	HGSVC
HG02492	/data/T2T-Y/globus/v1-b_draft_hgsvc3_2024/assemblies/HG02492.vrk-ps-sseq.chrY.renamed.fasta	HGSVC
HG02554	/data/T2T-Y/globus/v1-b_draft_hgsvc3_2024/assemblies/HG02554.vrk-ps-sseq.chrY.renamed.fasta	HGSVC
HG02666	/data/T2T-Y/globus/v1-b_draft_hgsvc3_2024/assemblies/HG02666.vrk-ps-sseq.chrY.renamed.fasta	HGSVC
HG02953	/data/T2T-Y/globus/v1-b_draft_hgsvc3_2024/assemblies/HG02953.vrk-ps-sseq.chrY.renamed.fasta	HGSVC
HG03009	/data/T2T-Y/globus/v1-b_draft_hgsvc3_2024/assemblies/HG03009.vrk-ps-sseq.chrY.renamed.fasta	HGSVC
HG03065	/data/T2T-Y/globus/v1-b_draft_hgsvc3_2024/assemblies/HG03065.vrk-ps-sseq.chrY.renamed.fasta	HGSVC
HG03248	/data/T2T-Y/globus/v1-b_draft_hgsvc3_2024/assemblies/HG03248.vrk-ps-sseq.chrY.renamed.fasta	HGSVC
HG03371	/data/T2T-Y/globus/v1-b_draft_hgsvc3_2024/assemblies/HG03371.vrk-ps-sseq.chrY.renamed.fasta	HGSVC
HG03732	/data/T2T-Y/globus/v1-b_draft_hgsvc3_2024/assemblies/HG03732.vrk-ps-sseq.chrY.renamed.fasta	HGSVC
NA18534	/data/T2T-Y/globus/v1-b_draft_hgsvc3_2024/assemblies/NA18534.vrk-ps-sseq.chrY.renamed.fasta	HGSVC
NA18989	/data/T2T-Y/globus/v1-b_draft_hgsvc3_2024/assemblies/NA18989.vrk-ps-sseq.chrY.renamed.fasta	HGSVC
NA19239	/data/T2T-Y/globus/v1-b_draft_hgsvc3_2024/assemblies/NA19239.vrk-ps-sseq.chrY.renamed.fasta	HGSVC
NA19317	/data/T2T-Y/globus/v1-b_draft_hgsvc3_2024/assemblies/NA19317.vrk-ps-sseq.chrY.renamed.fasta	HGSVC
NA19331	/data/T2T-Y/globus/v1-b_draft_hgsvc3_2024/assemblies/NA19331.vrk-ps-sseq.chrY.renamed.fasta	HGSVC
NA19347	/data/T2T-Y/globus/v1-b_draft_hgsvc3_2024/assemblies/NA19347.vrk-ps-sseq.chrY.renamed.fasta	HGSVC
NA19384	/data/T2T-Y/globus/v1-b_draft_hgsvc3_2024/assemblies/NA19384.vrk-ps-sseq.chrY.renamed.fasta	HGSVC
NA19650	/data/T2T-Y/globus/v1-b_draft_hgsvc3_2024/assemblies/NA19650.vrk-ps-sseq.chrY.renamed.fasta	HGSVC
NA19705	/data/T2T-Y/globus/v1-b_draft_hgsvc3_2024/assemblies/NA19705.vrk-ps-sseq.chrY.renamed.fasta	HGSVC
NA20509	/data/T2T-Y/globus/v1-b_draft_hgsvc3_2024/assemblies/NA20509.vrk-ps-sseq.chrY.renamed.fasta	HGSVC
NA12877	/data/T2T-Y/globus/v1-b_draft_hgsvc3_2024/assemblies/NA12877-CEPH.chrY.renamed.fasta	CEPH
NA12882	/data/T2T-Y/globus/v1-b_draft_hgsvc3_2024/assemblies/NA12882-CEPH.chrY.renamed.fasta	CEPH
NA12883	/data/T2T-Y/globus/v1-b_draft_hgsvc3_2024/assemblies/NA12883-CEPH.chrY.renamed.fasta	CEPH
NA12884	/data/T2T-Y/globus/v1-b_draft_hgsvc3_2024/assemblies/NA12884-CEPH.chrY.renamed.fasta	CEPH
NA12886	/data/T2T-Y/globus/v1-b_draft_hgsvc3_2024/assemblies/NA12886-CEPH.chrY.renamed.fasta	CEPH
NA12889	/data/T2T-Y/globus/v1-b_draft_hgsvc3_2024/assemblies/NA12889-CEPH.chrY.renamed.fasta	CEPH
NA12891	/data/T2T-Y/globus/v1-b_draft_hgsvc3_2024/assemblies/NA12891-CEPH.chrY.renamed.fasta	CEPH
