HG00126 /vf/users/Phillippy/projects/hprc-assemblies/assemblies-v4/HG00126/verkko-hi-c/analysis/assembly.refOriented.fasta.gz /vf/users/Phillippy/projects/hprc-assemblies/assemblies-v4/HG00126/verkko-hi-c/analysis/assembly.homopolymer-compressed.add_telo_remove_rdna.noseq.gfa /vf/users/Phillippy/projects/hprc-assemblies/assemblies-v4/HG00126/verkko-hi-c/assembly.paths.tsv /vf/users/Phillippy/projects/hprc-assemblies/assemblies-v4/HG00126/verkko-hi-c/assembly.scfmap /vf/users/Phillippy/projects/hprc-assemblies/assemblies-v4/HG00126/verkko-hi-c/analysis/assembly-ref.comp.mashmap
HG00140 /vf/users/Phillippy/projects/hprc-assemblies/assemblies-v4/HG00140/verkko-hi-c/analysis/assembly.refOriented.fasta.gz /vf/users/Phillippy/projects/hprc-assemblies/assemblies-v4/HG00140/verkko-hi-c/analysis/assembly.homopolymer-compressed.add_telo_remove_rdna.noseq.gfa /vf/users/Phillippy/projects/hprc-assemblies/assemblies-v4/HG00140/verkko-hi-c/assembly.paths.tsv /vf/users/Phillippy/projects/hprc-assemblies/assemblies-v4/HG00140/verkko-hi-c/assembly.scfmap /vf/users/Phillippy/projects/hprc-assemblies/assemblies-v4/HG00140/verkko-hi-c/analysis/assembly-ref.comp.mashmap
HG00280 /vf/users/Phillippy/projects/hprc-assemblies/assemblies-v4/HG00280/verkko-hi-c/analysis/assembly.refOriented.fasta.gz /vf/users/Phillippy/projects/hprc-assemblies/assemblies-v4/HG00280/verkko-hi-c/analysis/assembly.homopolymer-compressed.add_telo_remove_rdna.noseq.gfa /vf/users/Phillippy/projects/hprc-assemblies/assemblies-v4/HG00280/verkko-hi-c/assembly.paths.tsv /vf/users/Phillippy/projects/hprc-assemblies/assemblies-v4/HG00280/verkko-hi-c/assembly.scfmap /vf/users/Phillippy/projects/hprc-assemblies/assemblies-v4/HG00280/verkko-hi-c/analysis/assembly-ref.comp.mashmap
HG00290 /vf/users/Phillippy/projects/hprc-assemblies/assemblies-v4/HG00290/verkko-hi-c/analysis/assembly.refOriented.fasta.gz /vf/users/Phillippy/projects/hprc-assemblies/assemblies-v4/HG00290/verkko-hi-c/analysis/assembly.homopolymer-compressed.add_telo_remove_rdna.noseq.gfa /vf/users/Phillippy/projects/hprc-assemblies/assemblies-v4/HG00290/verkko-hi-c/assembly.paths.tsv /vf/users/Phillippy/projects/hprc-assemblies/assemblies-v4/HG00290/verkko-hi-c/assembly.scfmap /vf/users/Phillippy/projects/hprc-assemblies/assemblies-v4/HG00290/verkko-hi-c/analysis/assembly-ref.comp.mashmap
HG002 /vf/users/Phillippy/projects/hprc-assemblies/assemblies-v4/HG002/verkko-thic/analysis/assembly.refOriented.fasta.gz /vf/users/Phillippy/projects/hprc-assemblies/assemblies-v4/HG002/verkko-thic/analysis/assembly.homopolymer-compressed.add_telo_remove_rdna.noseq.gfa /vf/users/Phillippy/projects/hprc-assemblies/assemblies-v4/HG002/verkko-thic/assembly.paths.tsv /vf/users/Phillippy/projects/hprc-assemblies/assemblies-v4/HG002/verkko-thic/assembly.scfmap /vf/users/Phillippy/projects/hprc-assemblies/assemblies-v4/HG002/verkko-thic/analysis/assembly-ref.comp.mashmap
HG003 /vf/users/Phillippy2/t2t-share/HG003_4/HG003/verkko-hi-c/analysis/assembly.refOriented.fasta.gz /vf/users/Phillippy2/t2t-share/HG003_4/HG003/verkko-hi-c/analysis/assembly.homopolymer-compressed.add_telo_remove_rdna.noseq.gfa /vf/users/Phillippy2/t2t-share/HG003_4/HG003/verkko-hi-c/assembly.paths.tsv /vf/users/Phillippy2/t2t-share/HG003_4/HG003/verkko-hi-c/assembly.scfmap /vf/users/Phillippy2/t2t-share/HG003_4/HG003/verkko-hi-c/analysis/assembly-ref.comp.mashmap
HG00321 /vf/users/Phillippy/projects/hprc-assemblies/assemblies-v4/HG00321/verkko-hi-c/analysis/assembly.refOriented.fasta.gz /vf/users/Phillippy/projects/hprc-assemblies/assemblies-v4/HG00321/verkko-hi-c/analysis/assembly.homopolymer-compressed.add_telo_remove_rdna.noseq.gfa /vf/users/Phillippy/projects/hprc-assemblies/assemblies-v4/HG00321/verkko-hi-c/assembly.paths.tsv /vf/users/Phillippy/projects/hprc-assemblies/assemblies-v4/HG00321/verkko-hi-c/assembly.scfmap /vf/users/Phillippy/projects/hprc-assemblies/assemblies-v4/HG00321/verkko-hi-c/analysis/assembly-ref.comp.mashmap
HG00329 /vf/users/Phillippy/projects/hprc-assemblies/assemblies-v4/HG00329/verkko-hi-c/analysis/assembly.refOriented.fasta.gz /vf/users/Phillippy/projects/hprc-assemblies/assemblies-v4/HG00329/verkko-hi-c/analysis/assembly.homopolymer-compressed.add_telo_remove_rdna.noseq.gfa /vf/users/Phillippy/projects/hprc-assemblies/assemblies-v4/HG00329/verkko-hi-c/assembly.paths.tsv /vf/users/Phillippy/projects/hprc-assemblies/assemblies-v4/HG00329/verkko-hi-c/assembly.scfmap /vf/users/Phillippy/projects/hprc-assemblies/assemblies-v4/HG00329/verkko-hi-c/analysis/assembly-ref.comp.mashmap
HG005 /vf/users/Phillippy/projects/hprc-assemblies/assemblies-v4/HG005/verkko-thic/analysis/assembly.refOriented.fasta.gz /vf/users/Phillippy/projects/hprc-assemblies/assemblies-v4/HG005/verkko-thic/analysis/assembly.homopolymer-compressed.add_telo_remove_rdna.noseq.gfa /vf/users/Phillippy/projects/hprc-assemblies/assemblies-v4/HG005/verkko-thic/assembly.paths.tsv /vf/users/Phillippy/projects/hprc-assemblies/assemblies-v4/HG005/verkko-thic/assembly.scfmap /vf/users/Phillippy/projects/hprc-assemblies/assemblies-v4/HG005/verkko-thic/analysis/assembly-ref.comp.mashmap
HG00609 /vf/users/Phillippy/projects/hprc-assemblies/assemblies-v4/HG00609/verkko-hi-c/analysis/assembly.refOriented.fasta.gz /vf/users/Phillippy/projects/hprc-assemblies/assemblies-v4/HG00609/verkko-hi-c/analysis/assembly.homopolymer-compressed.add_telo_remove_rdna.noseq.gfa /vf/users/Phillippy/projects/hprc-assemblies/assemblies-v4/HG00609/verkko-hi-c/assembly.paths.tsv /vf/users/Phillippy/projects/hprc-assemblies/assemblies-v4/HG00609/verkko-hi-c/assembly.scfmap /vf/users/Phillippy/projects/hprc-assemblies/assemblies-v4/HG00609/verkko-hi-c/analysis/assembly-ref.comp.mashmap
HG00621 /vf/users/Phillippy/projects/hprc-assemblies/assemblies-v4/HG00621/verkko-thic/analysis/assembly.refOriented.fasta.gz /vf/users/Phillippy/projects/hprc-assemblies/assemblies-v4/HG00621/verkko-thic/analysis/assembly.homopolymer-compressed.add_telo_remove_rdna.noseq.gfa /vf/users/Phillippy/projects/hprc-assemblies/assemblies-v4/HG00621/verkko-thic/assembly.paths.tsv /vf/users/Phillippy/projects/hprc-assemblies/assemblies-v4/HG00621/verkko-thic/assembly.scfmap /vf/users/Phillippy/projects/hprc-assemblies/assemblies-v4/HG00621/verkko-thic/analysis/assembly-ref.comp.mashmap
HG00642 /vf/users/Phillippy/projects/hprc-assemblies/assemblies-v4/HG00642/verkko-hi-c/analysis/assembly.refOriented.fasta.gz /vf/users/Phillippy/projects/hprc-assemblies/assemblies-v4/HG00642/verkko-hi-c/analysis/assembly.homopolymer-compressed.add_telo_remove_rdna.noseq.gfa /vf/users/Phillippy/projects/hprc-assemblies/assemblies-v4/HG00642/verkko-hi-c/assembly.paths.tsv /vf/users/Phillippy/projects/hprc-assemblies/assemblies-v4/HG00642/verkko-hi-c/assembly.scfmap /vf/users/Phillippy/projects/hprc-assemblies/assemblies-v4/HG00642/verkko-hi-c/analysis/assembly-ref.comp.mashmap
HG00658 /vf/users/Phillippy/projects/hprc-assemblies/assemblies-v4/HG00658/verkko-thic/analysis/assembly.refOriented.fasta.gz /vf/users/Phillippy/projects/hprc-assemblies/assemblies-v4/HG00658/verkko-thic/analysis/assembly.homopolymer-compressed.add_telo_remove_rdna.noseq.gfa /vf/users/Phillippy/projects/hprc-assemblies/assemblies-v4/HG00658/verkko-thic/assembly.paths.tsv /vf/users/Phillippy/projects/hprc-assemblies/assemblies-v4/HG00658/verkko-thic/assembly.scfmap /vf/users/Phillippy/projects/hprc-assemblies/assemblies-v4/HG00658/verkko-thic/analysis/assembly-ref.comp.mashmap
HG00673 /vf/users/Phillippy/projects/hprc-assemblies/assemblies-v4/HG00673/verkko-hi-c/analysis/assembly.refOriented.fasta.gz /vf/users/Phillippy/projects/hprc-assemblies/assemblies-v4/HG00673/verkko-hi-c/analysis/assembly.homopolymer-compressed.add_telo_remove_rdna.noseq.gfa /vf/users/Phillippy/projects/hprc-assemblies/assemblies-v4/HG00673/verkko-hi-c/assembly.paths.tsv /vf/users/Phillippy/projects/hprc-assemblies/assemblies-v4/HG00673/verkko-hi-c/assembly.scfmap /vf/users/Phillippy/projects/hprc-assemblies/assemblies-v4/HG00673/verkko-hi-c/analysis/assembly-ref.comp.mashmap
HG00706 /vf/users/Phillippy/projects/hprc-assemblies/assemblies-v4/HG00706/verkko-hi-c/analysis/assembly.refOriented.fasta.gz /vf/users/Phillippy/projects/hprc-assemblies/assemblies-v4/HG00706/verkko-hi-c/analysis/assembly.homopolymer-compressed.add_telo_remove_rdna.noseq.gfa /vf/users/Phillippy/projects/hprc-assemblies/assemblies-v4/HG00706/verkko-hi-c/assembly.paths.tsv /vf/users/Phillippy/projects/hprc-assemblies/assemblies-v4/HG00706/verkko-hi-c/assembly.scfmap /vf/users/Phillippy/projects/hprc-assemblies/assemblies-v4/HG00706/verkko-hi-c/analysis/assembly-ref.comp.mashmap
HG00738 /vf/users/Phillippy/projects/hprc-assemblies/assemblies-v4/HG00738/verkko-thic/analysis/assembly.refOriented.fasta.gz /vf/users/Phillippy/projects/hprc-assemblies/assemblies-v4/HG00738/verkko-thic/analysis/assembly.homopolymer-compressed.add_telo_remove_rdna.noseq.gfa /vf/users/Phillippy/projects/hprc-assemblies/assemblies-v4/HG00738/verkko-thic/assembly.paths.tsv /vf/users/Phillippy/projects/hprc-assemblies/assemblies-v4/HG00738/verkko-thic/assembly.scfmap /vf/users/Phillippy/projects/hprc-assemblies/assemblies-v4/HG00738/verkko-thic/analysis/assembly-ref.comp.mashmap
HG01074 /vf/users/Phillippy/projects/hprc-assemblies/assemblies-v4/HG01074/verkko-hi-c/analysis/assembly.refOriented.fasta.gz /vf/users/Phillippy/projects/hprc-assemblies/assemblies-v4/HG01074/verkko-hi-c/analysis/assembly.homopolymer-compressed.add_telo_remove_rdna.noseq.gfa /vf/users/Phillippy/projects/hprc-assemblies/assemblies-v4/HG01074/verkko-hi-c/assembly.paths.tsv /vf/users/Phillippy/projects/hprc-assemblies/assemblies-v4/HG01074/verkko-hi-c/assembly.scfmap /vf/users/Phillippy/projects/hprc-assemblies/assemblies-v4/HG01074/verkko-hi-c/analysis/assembly-ref.comp.mashmap
HG01099 /vf/users/Phillippy/projects/hprc-assemblies/assemblies-v4/HG01099/verkko-hi-c/analysis/assembly.refOriented.fasta.gz /vf/users/Phillippy/projects/hprc-assemblies/assemblies-v4/HG01099/verkko-hi-c/analysis/assembly.homopolymer-compressed.add_telo_remove_rdna.noseq.gfa /vf/users/Phillippy/projects/hprc-assemblies/assemblies-v4/HG01099/verkko-hi-c/assembly.paths.tsv /vf/users/Phillippy/projects/hprc-assemblies/assemblies-v4/HG01099/verkko-hi-c/assembly.scfmap /vf/users/Phillippy/projects/hprc-assemblies/assemblies-v4/HG01099/verkko-hi-c/analysis/assembly-ref.comp.mashmap
HG01106 /vf/users/Phillippy/projects/hprc-assemblies/assemblies-v4/HG01106/verkko-thic/analysis/assembly.refOriented.fasta.gz /vf/users/Phillippy/projects/hprc-assemblies/assemblies-v4/HG01106/verkko-thic/analysis/assembly.homopolymer-compressed.add_telo_remove_rdna.noseq.gfa /vf/users/Phillippy/projects/hprc-assemblies/assemblies-v4/HG01106/verkko-thic/assembly.paths.tsv /vf/users/Phillippy/projects/hprc-assemblies/assemblies-v4/HG01106/verkko-thic/assembly.scfmap /vf/users/Phillippy/projects/hprc-assemblies/assemblies-v4/HG01106/verkko-thic/analysis/assembly-ref.comp.mashmap
HG01109 /vf/users/Phillippy/projects/hprc-assemblies/assemblies-v4/HG01109/verkko-thic/analysis/assembly.refOriented.fasta.gz /vf/users/Phillippy/projects/hprc-assemblies/assemblies-v4/HG01109/verkko-thic/analysis/assembly.homopolymer-compressed.add_telo_remove_rdna.noseq.gfa /vf/users/Phillippy/projects/hprc-assemblies/assemblies-v4/HG01109/verkko-thic/assembly.paths.tsv /vf/users/Phillippy/projects/hprc-assemblies/assemblies-v4/HG01109/verkko-thic/assembly.scfmap /vf/users/Phillippy/projects/hprc-assemblies/assemblies-v4/HG01109/verkko-thic/analysis/assembly-ref.comp.mashmap
HG01167	/data/Phillippy/projects/hprc-assemblies/assemblies-v4/HG01167/verkko-manual-update/assembly.fasta	/vf/users/Phillippy/projects/hprc-assemblies/assemblies-v4/HG01167/verkko-hi-c/analysis/assembly.homopolymer-compressed.add_telo_remove_rdna.noseq.gfa	/data/Phillippy/projects/hprc-assemblies/assemblies-v4/HG01167/verkko-manual-update/assembly.paths.tsv	/data/Phillippy/projects/hprc-assemblies/assemblies-v4/HG01167/verkko-manual-update/assembly.scfmap	/vf/users/Phillippy/projects/hprc-assemblies/assemblies-v4/HG01167/verkko-hi-c/analysis/assembly-ref.comp.mashmap
HG01192	/data/Phillippy/projects/hprc-assemblies/assemblies-v4/HG01192/verkko-manual-update/assembly.fasta	/vf/users/Phillippy/projects/hprc-assemblies/assemblies-v4/HG01192/verkko-hi-c/analysis/assembly.homopolymer-compressed.add_telo_remove_rdna.noseq.gfa	/data/Phillippy/projects/hprc-assemblies/assemblies-v4/HG01192/verkko-manual-update/assembly.paths.tsv	/data/Phillippy/projects/hprc-assemblies/assemblies-v4/HG01192/verkko-manual-update/assembly.scfmap	/vf/users/Phillippy/projects/hprc-assemblies/assemblies-v4/HG01192/verkko-hi-c/analysis/assembly-ref.comp.mashmap
HG01243 /vf/users/Phillippy/projects/hprc-assemblies/assemblies-v4/HG01243/verkko-hi-c/analysis/assembly.refOriented.fasta.gz /vf/users/Phillippy/projects/hprc-assemblies/assemblies-v4/HG01243/verkko-hi-c/analysis/assembly.homopolymer-compressed.add_telo_remove_rdna.noseq.gfa /vf/users/Phillippy/projects/hprc-assemblies/assemblies-v4/HG01243/verkko-hi-c/assembly.paths.tsv /vf/users/Phillippy/projects/hprc-assemblies/assemblies-v4/HG01243/verkko-hi-c/assembly.scfmap /vf/users/Phillippy/projects/hprc-assemblies/assemblies-v4/HG01243/verkko-hi-c/analysis/assembly-ref.comp.mashmap
HG01252 /vf/users/Phillippy/projects/hprc-assemblies/assemblies-v4/HG01252/verkko-thic/analysis/assembly.refOriented.fasta.gz /vf/users/Phillippy/projects/hprc-assemblies/assemblies-v4/HG01252/verkko-thic/analysis/assembly.homopolymer-compressed.add_telo_remove_rdna.noseq.gfa /vf/users/Phillippy/projects/hprc-assemblies/assemblies-v4/HG01252/verkko-thic/assembly.paths.tsv /vf/users/Phillippy/projects/hprc-assemblies/assemblies-v4/HG01252/verkko-thic/assembly.scfmap /vf/users/Phillippy/projects/hprc-assemblies/assemblies-v4/HG01252/verkko-thic/analysis/assembly-ref.comp.mashmap
HG01255 /vf/users/Phillippy/projects/hprc-assemblies/assemblies-v4/HG01255/verkko-hi-c/analysis/assembly.refOriented.fasta.gz /vf/users/Phillippy/projects/hprc-assemblies/assemblies-v4/HG01255/verkko-hi-c/analysis/assembly.homopolymer-compressed.add_telo_remove_rdna.noseq.gfa /vf/users/Phillippy/projects/hprc-assemblies/assemblies-v4/HG01255/verkko-hi-c/assembly.paths.tsv /vf/users/Phillippy/projects/hprc-assemblies/assemblies-v4/HG01255/verkko-hi-c/assembly.scfmap /vf/users/Phillippy/projects/hprc-assemblies/assemblies-v4/HG01255/verkko-hi-c/analysis/assembly-ref.comp.mashmap
HG01258 /vf/users/Phillippy/projects/hprc-assemblies/assemblies-v4/HG01258/verkko-thic/analysis/assembly.refOriented.fasta.gz /vf/users/Phillippy/projects/hprc-assemblies/assemblies-v4/HG01258/verkko-thic/analysis/assembly.homopolymer-compressed.add_telo_remove_rdna.noseq.gfa /vf/users/Phillippy/projects/hprc-assemblies/assemblies-v4/HG01258/verkko-thic/assembly.paths.tsv /vf/users/Phillippy/projects/hprc-assemblies/assemblies-v4/HG01258/verkko-thic/assembly.scfmap /vf/users/Phillippy/projects/hprc-assemblies/assemblies-v4/HG01258/verkko-thic/analysis/assembly-ref.comp.mashmap
HG01261 /vf/users/Phillippy/projects/hprc-assemblies/assemblies-v4/HG01261/verkko-hi-c/analysis/assembly.refOriented.fasta.gz /vf/users/Phillippy/projects/hprc-assemblies/assemblies-v4/HG01261/verkko-hi-c/analysis/assembly.homopolymer-compressed.add_telo_remove_rdna.noseq.gfa /vf/users/Phillippy/projects/hprc-assemblies/assemblies-v4/HG01261/verkko-hi-c/assembly.paths.tsv /vf/users/Phillippy/projects/hprc-assemblies/assemblies-v4/HG01261/verkko-hi-c/assembly.scfmap /vf/users/Phillippy/projects/hprc-assemblies/assemblies-v4/HG01261/verkko-hi-c/analysis/assembly-ref.comp.mashmap
HG01358 /vf/users/Phillippy/projects/hprc-assemblies/assemblies-v4/HG01358/verkko-thic/analysis/assembly.refOriented.fasta.gz /vf/users/Phillippy/projects/hprc-assemblies/assemblies-v4/HG01358/verkko-thic/analysis/assembly.homopolymer-compressed.add_telo_remove_rdna.noseq.gfa /vf/users/Phillippy/projects/hprc-assemblies/assemblies-v4/HG01358/verkko-thic/assembly.paths.tsv /vf/users/Phillippy/projects/hprc-assemblies/assemblies-v4/HG01358/verkko-thic/assembly.scfmap /vf/users/Phillippy/projects/hprc-assemblies/assemblies-v4/HG01358/verkko-thic/analysis/assembly-ref.comp.mashmap
HG01433 /vf/users/Phillippy/projects/hprc-assemblies/assemblies-v4/HG01433/verkko-thic/analysis/assembly.refOriented.fasta.gz /vf/users/Phillippy/projects/hprc-assemblies/assemblies-v4/HG01433/verkko-thic/analysis/assembly.homopolymer-compressed.add_telo_remove_rdna.noseq.gfa /vf/users/Phillippy/projects/hprc-assemblies/assemblies-v4/HG01433/verkko-thic/assembly.paths.tsv /vf/users/Phillippy/projects/hprc-assemblies/assemblies-v4/HG01433/verkko-thic/assembly.scfmap /vf/users/Phillippy/projects/hprc-assemblies/assemblies-v4/HG01433/verkko-thic/analysis/assembly-ref.comp.mashmap
HG01530 /vf/users/Phillippy/projects/hprc-assemblies/assemblies-v4/HG01530/verkko-hi-c/analysis/assembly.refOriented.fasta.gz /vf/users/Phillippy/projects/hprc-assemblies/assemblies-v4/HG01530/verkko-hi-c/analysis/assembly.homopolymer-compressed.add_telo_remove_rdna.noseq.gfa /vf/users/Phillippy/projects/hprc-assemblies/assemblies-v4/HG01530/verkko-hi-c/assembly.paths.tsv /vf/users/Phillippy/projects/hprc-assemblies/assemblies-v4/HG01530/verkko-hi-c/assembly.scfmap /vf/users/Phillippy/projects/hprc-assemblies/assemblies-v4/HG01530/verkko-hi-c/analysis/assembly-ref.comp.mashmap
HG01928 /vf/users/Phillippy/projects/hprc-assemblies/assemblies-v4/HG01928/verkko-thic/analysis/assembly.refOriented.fasta.gz /vf/users/Phillippy/projects/hprc-assemblies/assemblies-v4/HG01928/verkko-thic/analysis/assembly.homopolymer-compressed.add_telo_remove_rdna.noseq.gfa /vf/users/Phillippy/projects/hprc-assemblies/assemblies-v4/HG01928/verkko-thic/assembly.paths.tsv /vf/users/Phillippy/projects/hprc-assemblies/assemblies-v4/HG01928/verkko-thic/assembly.scfmap /vf/users/Phillippy/projects/hprc-assemblies/assemblies-v4/HG01928/verkko-thic/analysis/assembly-ref.comp.mashmap
HG01934 /vf/users/Phillippy/projects/hprc-assemblies/assemblies-v4/HG01934/verkko-hi-c/analysis/assembly.refOriented.fasta.gz /vf/users/Phillippy/projects/hprc-assemblies/assemblies-v4/HG01934/verkko-hi-c/analysis/assembly.homopolymer-compressed.add_telo_remove_rdna.noseq.gfa /vf/users/Phillippy/projects/hprc-assemblies/assemblies-v4/HG01934/verkko-hi-c/assembly.paths.tsv /vf/users/Phillippy/projects/hprc-assemblies/assemblies-v4/HG01934/verkko-hi-c/assembly.scfmap /vf/users/Phillippy/projects/hprc-assemblies/assemblies-v4/HG01934/verkko-hi-c/analysis/assembly-ref.comp.mashmap
HG01943 /vf/users/Phillippy/projects/hprc-assemblies/assemblies-v4/HG01943/verkko-hi-c/analysis/assembly.refOriented.fasta.gz /vf/users/Phillippy/projects/hprc-assemblies/assemblies-v4/HG01943/verkko-hi-c/analysis/assembly.homopolymer-compressed.add_telo_remove_rdna.noseq.gfa /vf/users/Phillippy/projects/hprc-assemblies/assemblies-v4/HG01943/verkko-hi-c/assembly.paths.tsv /vf/users/Phillippy/projects/hprc-assemblies/assemblies-v4/HG01943/verkko-hi-c/assembly.scfmap /vf/users/Phillippy/projects/hprc-assemblies/assemblies-v4/HG01943/verkko-hi-c/analysis/assembly-ref.comp.mashmap
HG01952 /vf/users/Phillippy/projects/hprc-assemblies/assemblies-v4/HG01952/verkko-hi-c/analysis/assembly.refOriented.fasta.gz /vf/users/Phillippy/projects/hprc-assemblies/assemblies-v4/HG01952/verkko-hi-c/analysis/assembly.homopolymer-compressed.add_telo_remove_rdna.noseq.gfa /vf/users/Phillippy/projects/hprc-assemblies/assemblies-v4/HG01952/verkko-hi-c/assembly.paths.tsv /vf/users/Phillippy/projects/hprc-assemblies/assemblies-v4/HG01952/verkko-hi-c/assembly.scfmap /vf/users/Phillippy/projects/hprc-assemblies/assemblies-v4/HG01952/verkko-hi-c/analysis/assembly-ref.comp.mashmap
HG02015 /vf/users/Phillippy/projects/hprc-assemblies/assemblies-v4/HG02015/verkko-hi-c/analysis/assembly.refOriented.fasta.gz /vf/users/Phillippy/projects/hprc-assemblies/assemblies-v4/HG02015/verkko-hi-c/analysis/assembly.homopolymer-compressed.add_telo_remove_rdna.noseq.gfa /vf/users/Phillippy/projects/hprc-assemblies/assemblies-v4/HG02015/verkko-hi-c/assembly.paths.tsv /vf/users/Phillippy/projects/hprc-assemblies/assemblies-v4/HG02015/verkko-hi-c/assembly.scfmap /vf/users/Phillippy/projects/hprc-assemblies/assemblies-v4/HG02015/verkko-hi-c/analysis/assembly-ref.comp.mashmap
HG02027 /vf/users/Phillippy/projects/hprc-assemblies/assemblies-v4/HG02027/verkko-thic/analysis/assembly.refOriented.fasta.gz /vf/users/Phillippy/projects/hprc-assemblies/assemblies-v4/HG02027/verkko-thic/analysis/assembly.homopolymer-compressed.add_telo_remove_rdna.noseq.gfa /vf/users/Phillippy/projects/hprc-assemblies/assemblies-v4/HG02027/verkko-thic/assembly.paths.tsv /vf/users/Phillippy/projects/hprc-assemblies/assemblies-v4/HG02027/verkko-thic/assembly.scfmap /vf/users/Phillippy/projects/hprc-assemblies/assemblies-v4/HG02027/verkko-thic/analysis/assembly-ref.comp.mashmap
HG02040 /vf/users/Phillippy/projects/hprc-assemblies/assemblies-v4/HG02040/verkko-hi-c/analysis/assembly.refOriented.fasta.gz /vf/users/Phillippy/projects/hprc-assemblies/assemblies-v4/HG02040/verkko-hi-c/analysis/assembly.homopolymer-compressed.add_telo_remove_rdna.noseq.gfa /vf/users/Phillippy/projects/hprc-assemblies/assemblies-v4/HG02040/verkko-hi-c/assembly.paths.tsv /vf/users/Phillippy/projects/hprc-assemblies/assemblies-v4/HG02040/verkko-hi-c/assembly.scfmap /vf/users/Phillippy/projects/hprc-assemblies/assemblies-v4/HG02040/verkko-hi-c/analysis/assembly-ref.comp.mashmap
HG02055 /vf/users/Phillippy/projects/hprc-assemblies/assemblies-v4/HG02055/verkko-thic/analysis/assembly.refOriented.fasta.gz /vf/users/Phillippy/projects/hprc-assemblies/assemblies-v4/HG02055/verkko-thic/analysis/assembly.homopolymer-compressed.add_telo_remove_rdna.noseq.gfa /vf/users/Phillippy/projects/hprc-assemblies/assemblies-v4/HG02055/verkko-thic/assembly.paths.tsv /vf/users/Phillippy/projects/hprc-assemblies/assemblies-v4/HG02055/verkko-thic/assembly.scfmap /vf/users/Phillippy/projects/hprc-assemblies/assemblies-v4/HG02055/verkko-thic/analysis/assembly-ref.comp.mashmap
HG02056 /vf/users/Phillippy/projects/hprc-assemblies/assemblies-v4/HG02056/verkko-thic/analysis/assembly.refOriented.fasta.gz /vf/users/Phillippy/projects/hprc-assemblies/assemblies-v4/HG02056/verkko-thic/analysis/assembly.homopolymer-compressed.add_telo_remove_rdna.noseq.gfa /vf/users/Phillippy/projects/hprc-assemblies/assemblies-v4/HG02056/verkko-thic/assembly.paths.tsv /vf/users/Phillippy/projects/hprc-assemblies/assemblies-v4/HG02056/verkko-thic/assembly.scfmap /vf/users/Phillippy/projects/hprc-assemblies/assemblies-v4/HG02056/verkko-thic/analysis/assembly-ref.comp.mashmap
HG02071 /vf/users/Phillippy/projects/hprc-assemblies/assemblies-v4/HG02071/verkko-thic/analysis/assembly.refOriented.fasta.gz /vf/users/Phillippy/projects/hprc-assemblies/assemblies-v4/HG02071/verkko-thic/analysis/assembly.homopolymer-compressed.add_telo_remove_rdna.noseq.gfa /vf/users/Phillippy/projects/hprc-assemblies/assemblies-v4/HG02071/verkko-thic/assembly.paths.tsv /vf/users/Phillippy/projects/hprc-assemblies/assemblies-v4/HG02071/verkko-thic/assembly.scfmap /vf/users/Phillippy/projects/hprc-assemblies/assemblies-v4/HG02071/verkko-thic/analysis/assembly-ref.comp.mashmap
HG02074 /vf/users/Phillippy/projects/hprc-assemblies/assemblies-v4/HG02074/verkko-thic/analysis/assembly.refOriented.fasta.gz /vf/users/Phillippy/projects/hprc-assemblies/assemblies-v4/HG02074/verkko-thic/analysis/assembly.homopolymer-compressed.add_telo_remove_rdna.noseq.gfa /vf/users/Phillippy/projects/hprc-assemblies/assemblies-v4/HG02074/verkko-thic/assembly.paths.tsv /vf/users/Phillippy/projects/hprc-assemblies/assemblies-v4/HG02074/verkko-thic/assembly.scfmap /vf/users/Phillippy/projects/hprc-assemblies/assemblies-v4/HG02074/verkko-thic/analysis/assembly-ref.comp.mashmap
HG02083 /vf/users/Phillippy/projects/hprc-assemblies/assemblies-v4/HG02083/verkko-thic/analysis/assembly.refOriented.fasta.gz /vf/users/Phillippy/projects/hprc-assemblies/assemblies-v4/HG02083/verkko-thic/analysis/assembly.homopolymer-compressed.add_telo_remove_rdna.noseq.gfa /vf/users/Phillippy/projects/hprc-assemblies/assemblies-v4/HG02083/verkko-thic/assembly.paths.tsv /vf/users/Phillippy/projects/hprc-assemblies/assemblies-v4/HG02083/verkko-thic/assembly.scfmap /vf/users/Phillippy/projects/hprc-assemblies/assemblies-v4/HG02083/verkko-thic/analysis/assembly-ref.comp.mashmap
HG02129 /vf/users/Phillippy/projects/hprc-assemblies/assemblies-v4/HG02129/verkko-hi-c/analysis/assembly.refOriented.fasta.gz /vf/users/Phillippy/projects/hprc-assemblies/assemblies-v4/HG02129/verkko-hi-c/analysis/assembly.homopolymer-compressed.add_telo_remove_rdna.noseq.gfa /vf/users/Phillippy/projects/hprc-assemblies/assemblies-v4/HG02129/verkko-hi-c/assembly.paths.tsv /vf/users/Phillippy/projects/hprc-assemblies/assemblies-v4/HG02129/verkko-hi-c/assembly.scfmap /vf/users/Phillippy/projects/hprc-assemblies/assemblies-v4/HG02129/verkko-hi-c/analysis/assembly-ref.comp.mashmap
HG02132 /vf/users/Phillippy/projects/hprc-assemblies/assemblies-v4/HG02132/verkko-hi-c/analysis/assembly.refOriented.fasta.gz /vf/users/Phillippy/projects/hprc-assemblies/assemblies-v4/HG02132/verkko-hi-c/analysis/assembly.homopolymer-compressed.add_telo_remove_rdna.noseq.gfa /vf/users/Phillippy/projects/hprc-assemblies/assemblies-v4/HG02132/verkko-hi-c/assembly.paths.tsv /vf/users/Phillippy/projects/hprc-assemblies/assemblies-v4/HG02132/verkko-hi-c/assembly.scfmap /vf/users/Phillippy/projects/hprc-assemblies/assemblies-v4/HG02132/verkko-hi-c/analysis/assembly-ref.comp.mashmap
HG02135 /vf/users/Phillippy/projects/hprc-assemblies/assemblies-v4/HG02135/verkko-thic/analysis/assembly.refOriented.fasta.gz /vf/users/Phillippy/projects/hprc-assemblies/assemblies-v4/HG02135/verkko-thic/analysis/assembly.homopolymer-compressed.add_telo_remove_rdna.noseq.gfa /vf/users/Phillippy/projects/hprc-assemblies/assemblies-v4/HG02135/verkko-thic/assembly.paths.tsv /vf/users/Phillippy/projects/hprc-assemblies/assemblies-v4/HG02135/verkko-thic/assembly.scfmap /vf/users/Phillippy/projects/hprc-assemblies/assemblies-v4/HG02135/verkko-thic/analysis/assembly-ref.comp.mashmap
HG02145 /vf/users/Phillippy/projects/hprc-assemblies/assemblies-v4/HG02145/verkko-hi-c/analysis/assembly.refOriented.fasta.gz /vf/users/Phillippy/projects/hprc-assemblies/assemblies-v4/HG02145/verkko-hi-c/analysis/assembly.homopolymer-compressed.add_telo_remove_rdna.noseq.gfa /vf/users/Phillippy/projects/hprc-assemblies/assemblies-v4/HG02145/verkko-hi-c/assembly.paths.tsv /vf/users/Phillippy/projects/hprc-assemblies/assemblies-v4/HG02145/verkko-hi-c/assembly.scfmap /vf/users/Phillippy/projects/hprc-assemblies/assemblies-v4/HG02145/verkko-hi-c/analysis/assembly-ref.comp.mashmap
HG02258 /vf/users/Phillippy/projects/hprc-assemblies/assemblies-v4/HG02258/verkko-hi-c/analysis/assembly.refOriented.fasta.gz /vf/users/Phillippy/projects/hprc-assemblies/assemblies-v4/HG02258/verkko-hi-c/analysis/assembly.homopolymer-compressed.add_telo_remove_rdna.noseq.gfa /vf/users/Phillippy/projects/hprc-assemblies/assemblies-v4/HG02258/verkko-hi-c/assembly.paths.tsv /vf/users/Phillippy/projects/hprc-assemblies/assemblies-v4/HG02258/verkko-hi-c/assembly.scfmap /vf/users/Phillippy/projects/hprc-assemblies/assemblies-v4/HG02258/verkko-hi-c/analysis/assembly-ref.comp.mashmap
HG02391 /vf/users/Phillippy/projects/hprc-assemblies/assemblies-v4/HG02391/verkko-hi-c/analysis/assembly.refOriented.fasta.gz /vf/users/Phillippy/projects/hprc-assemblies/assemblies-v4/HG02391/verkko-hi-c/analysis/assembly.homopolymer-compressed.add_telo_remove_rdna.noseq.gfa /vf/users/Phillippy/projects/hprc-assemblies/assemblies-v4/HG02391/verkko-hi-c/assembly.paths.tsv /vf/users/Phillippy/projects/hprc-assemblies/assemblies-v4/HG02391/verkko-hi-c/assembly.scfmap /vf/users/Phillippy/projects/hprc-assemblies/assemblies-v4/HG02391/verkko-hi-c/analysis/assembly-ref.comp.mashmap
HG02392 /vf/users/Phillippy/projects/hprc-assemblies/assemblies-v4/HG02392/verkko-hi-c/analysis/assembly.refOriented.fasta.gz /vf/users/Phillippy/projects/hprc-assemblies/assemblies-v4/HG02392/verkko-hi-c/analysis/assembly.homopolymer-compressed.add_telo_remove_rdna.noseq.gfa /vf/users/Phillippy/projects/hprc-assemblies/assemblies-v4/HG02392/verkko-hi-c/assembly.paths.tsv /vf/users/Phillippy/projects/hprc-assemblies/assemblies-v4/HG02392/verkko-hi-c/assembly.scfmap /vf/users/Phillippy/projects/hprc-assemblies/assemblies-v4/HG02392/verkko-hi-c/analysis/assembly-ref.comp.mashmap
HG02486	/data/Phillippy/projects/hprc-assemblies/assemblies-v4/HG02486/verkko-manual-update/assembly.fasta	/vf/users/Phillippy/projects/hprc-assemblies/assemblies-v4/HG02486/verkko-thic/analysis/assembly.homopolymer-compressed.add_telo_remove_rdna.noseq.gfa	/data/Phillippy/projects/hprc-assemblies/assemblies-v4/HG02486/verkko-manual-update/assembly.paths.tsv	/data/Phillippy/projects/hprc-assemblies/assemblies-v4/HG02486/verkko-manual-update/assembly.scfmap	/vf/users/Phillippy/projects/hprc-assemblies/assemblies-v4/HG02486/verkko-thic/analysis/assembly-ref.comp.mashmap
HG02514	/data/Phillippy/projects/hprc-assemblies/assemblies-v4/HG02514/verkko-manual-update/assembly.fasta	/vf/users/Phillippy/projects/hprc-assemblies/assemblies-v4/HG02514/verkko-hi-c/analysis/assembly.homopolymer-compressed.add_telo_remove_rdna.noseq.gfa	/data/Phillippy/projects/hprc-assemblies/assemblies-v4/HG02514/verkko-manual-update/assembly.paths.tsv	/data/Phillippy/projects/hprc-assemblies/assemblies-v4/HG02514/verkko-manual-update/assembly.scfmap	/vf/users/Phillippy/projects/hprc-assemblies/assemblies-v4/HG02514/verkko-hi-c/analysis/assembly-ref.comp.mashmap
HG02572 /vf/users/Phillippy/projects/hprc-assemblies/assemblies-v4/HG02572/verkko-hi-c/analysis/assembly.refOriented.fasta.gz /vf/users/Phillippy/projects/hprc-assemblies/assemblies-v4/HG02572/verkko-hi-c/analysis/assembly.homopolymer-compressed.add_telo_remove_rdna.noseq.gfa /vf/users/Phillippy/projects/hprc-assemblies/assemblies-v4/HG02572/verkko-hi-c/assembly.paths.tsv /vf/users/Phillippy/projects/hprc-assemblies/assemblies-v4/HG02572/verkko-hi-c/assembly.scfmap /vf/users/Phillippy/projects/hprc-assemblies/assemblies-v4/HG02572/verkko-hi-c/analysis/assembly-ref.comp.mashmap
HG02602 /vf/users/Phillippy/projects/hprc-assemblies/assemblies-v4/HG02602/verkko-thic/analysis/assembly.refOriented.fasta.gz /vf/users/Phillippy/projects/hprc-assemblies/assemblies-v4/HG02602/verkko-thic/analysis/assembly.homopolymer-compressed.add_telo_remove_rdna.noseq.gfa /vf/users/Phillippy/projects/hprc-assemblies/assemblies-v4/HG02602/verkko-thic/assembly.paths.tsv /vf/users/Phillippy/projects/hprc-assemblies/assemblies-v4/HG02602/verkko-thic/assembly.scfmap /vf/users/Phillippy/projects/hprc-assemblies/assemblies-v4/HG02602/verkko-thic/analysis/assembly-ref.comp.mashmap
HG02647 /vf/users/Phillippy/projects/hprc-assemblies/assemblies-v4/HG02647/verkko-thic/analysis/assembly.refOriented.fasta.gz /vf/users/Phillippy/projects/hprc-assemblies/assemblies-v4/HG02647/verkko-thic/analysis/assembly.homopolymer-compressed.add_telo_remove_rdna.noseq.gfa /vf/users/Phillippy/projects/hprc-assemblies/assemblies-v4/HG02647/verkko-thic/assembly.paths.tsv /vf/users/Phillippy/projects/hprc-assemblies/assemblies-v4/HG02647/verkko-thic/assembly.scfmap /vf/users/Phillippy/projects/hprc-assemblies/assemblies-v4/HG02647/verkko-thic/analysis/assembly-ref.comp.mashmap
HG02668 /vf/users/Phillippy/projects/hprc-assemblies/assemblies-v4/HG02668/verkko-thic/analysis/assembly.refOriented.fasta.gz /vf/users/Phillippy/projects/hprc-assemblies/assemblies-v4/HG02668/verkko-thic/analysis/assembly.homopolymer-compressed.add_telo_remove_rdna.noseq.gfa /vf/users/Phillippy/projects/hprc-assemblies/assemblies-v4/HG02668/verkko-thic/assembly.paths.tsv /vf/users/Phillippy/projects/hprc-assemblies/assemblies-v4/HG02668/verkko-thic/assembly.scfmap /vf/users/Phillippy/projects/hprc-assemblies/assemblies-v4/HG02668/verkko-thic/analysis/assembly-ref.comp.mashmap
HG02698 /vf/users/Phillippy/projects/hprc-assemblies/assemblies-v4/HG02698/verkko-hi-c/analysis/assembly.refOriented.fasta.gz /vf/users/Phillippy/projects/hprc-assemblies/assemblies-v4/HG02698/verkko-hi-c/analysis/assembly.homopolymer-compressed.add_telo_remove_rdna.noseq.gfa /vf/users/Phillippy/projects/hprc-assemblies/assemblies-v4/HG02698/verkko-hi-c/assembly.paths.tsv /vf/users/Phillippy/projects/hprc-assemblies/assemblies-v4/HG02698/verkko-hi-c/assembly.scfmap /vf/users/Phillippy/projects/hprc-assemblies/assemblies-v4/HG02698/verkko-hi-c/analysis/assembly-ref.comp.mashmap
HG02717 /vf/users/Phillippy/projects/hprc-assemblies/assemblies-v4/HG02717/verkko-thic/analysis/assembly.refOriented.fasta.gz /vf/users/Phillippy/projects/hprc-assemblies/assemblies-v4/HG02717/verkko-thic/analysis/assembly.homopolymer-compressed.add_telo_remove_rdna.noseq.gfa /vf/users/Phillippy/projects/hprc-assemblies/assemblies-v4/HG02717/verkko-thic/assembly.paths.tsv /vf/users/Phillippy/projects/hprc-assemblies/assemblies-v4/HG02717/verkko-thic/assembly.scfmap /vf/users/Phillippy/projects/hprc-assemblies/assemblies-v4/HG02717/verkko-thic/analysis/assembly-ref.comp.mashmap
HG02735 /vf/users/Phillippy/projects/hprc-assemblies/assemblies-v4/HG02735/verkko-hi-c/analysis/assembly.refOriented.fasta.gz /vf/users/Phillippy/projects/hprc-assemblies/assemblies-v4/HG02735/verkko-hi-c/analysis/assembly.homopolymer-compressed.add_telo_remove_rdna.noseq.gfa /vf/users/Phillippy/projects/hprc-assemblies/assemblies-v4/HG02735/verkko-hi-c/assembly.paths.tsv /vf/users/Phillippy/projects/hprc-assemblies/assemblies-v4/HG02735/verkko-hi-c/assembly.scfmap /vf/users/Phillippy/projects/hprc-assemblies/assemblies-v4/HG02735/verkko-hi-c/analysis/assembly-ref.comp.mashmap
HG02738 /vf/users/Phillippy/projects/hprc-assemblies/assemblies-v4/HG02738/verkko-thic/analysis/assembly.refOriented.fasta.gz /vf/users/Phillippy/projects/hprc-assemblies/assemblies-v4/HG02738/verkko-thic/analysis/assembly.homopolymer-compressed.add_telo_remove_rdna.noseq.gfa /vf/users/Phillippy/projects/hprc-assemblies/assemblies-v4/HG02738/verkko-thic/assembly.paths.tsv /vf/users/Phillippy/projects/hprc-assemblies/assemblies-v4/HG02738/verkko-thic/assembly.scfmap /vf/users/Phillippy/projects/hprc-assemblies/assemblies-v4/HG02738/verkko-thic/analysis/assembly-ref.comp.mashmap
HG02965 /vf/users/Phillippy/projects/hprc-assemblies/assemblies-v4/HG02965/verkko-hi-c/analysis/assembly.refOriented.fasta.gz /vf/users/Phillippy/projects/hprc-assemblies/assemblies-v4/HG02965/verkko-hi-c/analysis/assembly.homopolymer-compressed.add_telo_remove_rdna.noseq.gfa /vf/users/Phillippy/projects/hprc-assemblies/assemblies-v4/HG02965/verkko-hi-c/assembly.paths.tsv /vf/users/Phillippy/projects/hprc-assemblies/assemblies-v4/HG02965/verkko-hi-c/assembly.scfmap /vf/users/Phillippy/projects/hprc-assemblies/assemblies-v4/HG02965/verkko-hi-c/analysis/assembly-ref.comp.mashmap
HG02984 /vf/users/Phillippy/projects/hprc-assemblies/assemblies-v4/HG02984/verkko-hi-c/analysis/assembly.refOriented.fasta.gz /vf/users/Phillippy/projects/hprc-assemblies/assemblies-v4/HG02984/verkko-hi-c/analysis/assembly.homopolymer-compressed.add_telo_remove_rdna.noseq.gfa /vf/users/Phillippy/projects/hprc-assemblies/assemblies-v4/HG02984/verkko-hi-c/assembly.paths.tsv /vf/users/Phillippy/projects/hprc-assemblies/assemblies-v4/HG02984/verkko-hi-c/assembly.scfmap /vf/users/Phillippy/projects/hprc-assemblies/assemblies-v4/HG02984/verkko-hi-c/analysis/assembly-ref.comp.mashmap
HG03017 /vf/users/Phillippy/projects/hprc-assemblies/assemblies-v4/HG03017/verkko-hi-c/analysis/assembly.refOriented.fasta.gz /vf/users/Phillippy/projects/hprc-assemblies/assemblies-v4/HG03017/verkko-hi-c/analysis/assembly.homopolymer-compressed.add_telo_remove_rdna.noseq.gfa /vf/users/Phillippy/projects/hprc-assemblies/assemblies-v4/HG03017/verkko-hi-c/assembly.paths.tsv /vf/users/Phillippy/projects/hprc-assemblies/assemblies-v4/HG03017/verkko-hi-c/assembly.scfmap /vf/users/Phillippy/projects/hprc-assemblies/assemblies-v4/HG03017/verkko-hi-c/analysis/assembly-ref.comp.mashmap
HG03050 /vf/users/Phillippy/projects/hprc-assemblies/assemblies-v4/HG03050/verkko-thic/analysis/assembly.refOriented.fasta.gz /vf/users/Phillippy/projects/hprc-assemblies/assemblies-v4/HG03050/verkko-thic/analysis/assembly.homopolymer-compressed.add_telo_remove_rdna.noseq.gfa /vf/users/Phillippy/projects/hprc-assemblies/assemblies-v4/HG03050/verkko-thic/assembly.paths.tsv /vf/users/Phillippy/projects/hprc-assemblies/assemblies-v4/HG03050/verkko-thic/assembly.scfmap /vf/users/Phillippy/projects/hprc-assemblies/assemblies-v4/HG03050/verkko-thic/analysis/assembly-ref.comp.mashmap
HG03098 /vf/users/Phillippy/projects/hprc-assemblies/assemblies-v4/HG03098/verkko-hi-c/analysis/assembly.refOriented.fasta.gz /vf/users/Phillippy/projects/hprc-assemblies/assemblies-v4/HG03098/verkko-hi-c/analysis/assembly.homopolymer-compressed.add_telo_remove_rdna.noseq.gfa /vf/users/Phillippy/projects/hprc-assemblies/assemblies-v4/HG03098/verkko-hi-c/assembly.paths.tsv /vf/users/Phillippy/projects/hprc-assemblies/assemblies-v4/HG03098/verkko-hi-c/assembly.scfmap /vf/users/Phillippy/projects/hprc-assemblies/assemblies-v4/HG03098/verkko-hi-c/analysis/assembly-ref.comp.mashmap
HG03130 /vf/users/Phillippy/projects/hprc-assemblies/assemblies-v4/HG03130/verkko-hi-c/analysis/assembly.refOriented.fasta.gz /vf/users/Phillippy/projects/hprc-assemblies/assemblies-v4/HG03130/verkko-hi-c/analysis/assembly.homopolymer-compressed.add_telo_remove_rdna.noseq.gfa /vf/users/Phillippy/projects/hprc-assemblies/assemblies-v4/HG03130/verkko-hi-c/assembly.paths.tsv /vf/users/Phillippy/projects/hprc-assemblies/assemblies-v4/HG03130/verkko-hi-c/assembly.scfmap /vf/users/Phillippy/projects/hprc-assemblies/assemblies-v4/HG03130/verkko-hi-c/analysis/assembly-ref.comp.mashmap
HG03139	/data/Phillippy/projects/hprc-assemblies/assemblies-v4/HG03139/verkko-manual-update/assembly.fasta	/vf/users/Phillippy/projects/hprc-assemblies/assemblies-v4/HG03139/verkko-hi-c/analysis/assembly.homopolymer-compressed.add_telo_remove_rdna.noseq.gfa	/data/Phillippy/projects/hprc-assemblies/assemblies-v4/HG03139/verkko-manual-update/assembly.paths.tsv	/data/Phillippy/projects/hprc-assemblies/assemblies-v4/HG03139/verkko-manual-update/assembly.scfmap	/vf/users/Phillippy/projects/hprc-assemblies/assemblies-v4/HG03139/verkko-hi-c/analysis/assembly-ref.comp.mashmap
HG03209 /vf/users/Phillippy/projects/hprc-assemblies/assemblies-v4/HG03209/verkko-hi-c/analysis/assembly.refOriented.fasta.gz /vf/users/Phillippy/projects/hprc-assemblies/assemblies-v4/HG03209/verkko-hi-c/analysis/assembly.homopolymer-compressed.add_telo_remove_rdna.noseq.gfa /vf/users/Phillippy/projects/hprc-assemblies/assemblies-v4/HG03209/verkko-hi-c/assembly.paths.tsv /vf/users/Phillippy/projects/hprc-assemblies/assemblies-v4/HG03209/verkko-hi-c/assembly.scfmap /vf/users/Phillippy/projects/hprc-assemblies/assemblies-v4/HG03209/verkko-hi-c/analysis/assembly-ref.comp.mashmap
HG03225 /vf/users/Phillippy/projects/hprc-assemblies/assemblies-v4/HG03225/verkko-hi-c/analysis/assembly.refOriented.fasta.gz /vf/users/Phillippy/projects/hprc-assemblies/assemblies-v4/HG03225/verkko-hi-c/analysis/assembly.homopolymer-compressed.add_telo_remove_rdna.noseq.gfa /vf/users/Phillippy/projects/hprc-assemblies/assemblies-v4/HG03225/verkko-hi-c/assembly.paths.tsv /vf/users/Phillippy/projects/hprc-assemblies/assemblies-v4/HG03225/verkko-hi-c/assembly.scfmap /vf/users/Phillippy/projects/hprc-assemblies/assemblies-v4/HG03225/verkko-hi-c/analysis/assembly-ref.comp.mashmap
HG03471 /vf/users/Phillippy/projects/hprc-assemblies/assemblies-v4/HG03471/verkko-hi-c/analysis/assembly.refOriented.fasta.gz /vf/users/Phillippy/projects/hprc-assemblies/assemblies-v4/HG03471/verkko-hi-c/analysis/assembly.homopolymer-compressed.add_telo_remove_rdna.noseq.gfa /vf/users/Phillippy/projects/hprc-assemblies/assemblies-v4/HG03471/verkko-hi-c/assembly.paths.tsv /vf/users/Phillippy/projects/hprc-assemblies/assemblies-v4/HG03471/verkko-hi-c/assembly.scfmap /vf/users/Phillippy/projects/hprc-assemblies/assemblies-v4/HG03471/verkko-hi-c/analysis/assembly-ref.comp.mashmap
HG03492 /vf/users/Phillippy/projects/hprc-assemblies/assemblies-v4/HG03492/verkko-thic/analysis/assembly.refOriented.fasta.gz /vf/users/Phillippy/projects/hprc-assemblies/assemblies-v4/HG03492/verkko-thic/analysis/assembly.homopolymer-compressed.add_telo_remove_rdna.noseq.gfa /vf/users/Phillippy/projects/hprc-assemblies/assemblies-v4/HG03492/verkko-thic/assembly.paths.tsv /vf/users/Phillippy/projects/hprc-assemblies/assemblies-v4/HG03492/verkko-thic/assembly.scfmap /vf/users/Phillippy/projects/hprc-assemblies/assemblies-v4/HG03492/verkko-thic/analysis/assembly-ref.comp.mashmap
HG03521 /vf/users/Phillippy/projects/hprc-assemblies/assemblies-v4/HG03521/verkko-hi-c/analysis/assembly.refOriented.fasta.gz /vf/users/Phillippy/projects/hprc-assemblies/assemblies-v4/HG03521/verkko-hi-c/analysis/assembly.homopolymer-compressed.add_telo_remove_rdna.noseq.gfa /vf/users/Phillippy/projects/hprc-assemblies/assemblies-v4/HG03521/verkko-hi-c/assembly.paths.tsv /vf/users/Phillippy/projects/hprc-assemblies/assemblies-v4/HG03521/verkko-hi-c/assembly.scfmap /vf/users/Phillippy/projects/hprc-assemblies/assemblies-v4/HG03521/verkko-hi-c/analysis/assembly-ref.comp.mashmap
HG03579 /vf/users/Phillippy/projects/hprc-assemblies/assemblies-v4/HG03579/verkko-hi-c/analysis/assembly.refOriented.fasta.gz /vf/users/Phillippy/projects/hprc-assemblies/assemblies-v4/HG03579/verkko-hi-c/analysis/assembly.homopolymer-compressed.add_telo_remove_rdna.noseq.gfa /vf/users/Phillippy/projects/hprc-assemblies/assemblies-v4/HG03579/verkko-hi-c/assembly.paths.tsv /vf/users/Phillippy/projects/hprc-assemblies/assemblies-v4/HG03579/verkko-hi-c/assembly.scfmap /vf/users/Phillippy/projects/hprc-assemblies/assemblies-v4/HG03579/verkko-hi-c/analysis/assembly-ref.comp.mashmap
HG03654 /vf/users/Phillippy/projects/hprc-assemblies/assemblies-v4/HG03654/verkko-hi-c/analysis/assembly.refOriented.fasta.gz /vf/users/Phillippy/projects/hprc-assemblies/assemblies-v4/HG03654/verkko-hi-c/analysis/assembly.homopolymer-compressed.add_telo_remove_rdna.noseq.gfa /vf/users/Phillippy/projects/hprc-assemblies/assemblies-v4/HG03654/verkko-hi-c/assembly.paths.tsv /vf/users/Phillippy/projects/hprc-assemblies/assemblies-v4/HG03654/verkko-hi-c/assembly.scfmap /vf/users/Phillippy/projects/hprc-assemblies/assemblies-v4/HG03654/verkko-hi-c/analysis/assembly-ref.comp.mashmap
HG03688	/data/Phillippy/projects/hprc-assemblies/assemblies-v4/HG03688/verkko-manual-update/assembly.fasta	/vf/users/Phillippy/projects/hprc-assemblies/assemblies-v4/HG03688/verkko-hi-c/analysis/assembly.homopolymer-compressed.add_telo_remove_rdna.noseq.gfa	/data/Phillippy/projects/hprc-assemblies/assemblies-v4/HG03688/verkko-manual-update/assembly.paths.tsv	/data/Phillippy/projects/hprc-assemblies/assemblies-v4/HG03688/verkko-manual-update/assembly.scfmap	/vf/users/Phillippy/projects/hprc-assemblies/assemblies-v4/HG03688/verkko-hi-c/analysis/assembly-ref.comp.mashmap
HG03710 /vf/users/Phillippy/projects/hprc-assemblies/assemblies-v4/HG03710/verkko-hi-c/analysis/assembly.refOriented.fasta.gz /vf/users/Phillippy/projects/hprc-assemblies/assemblies-v4/HG03710/verkko-hi-c/analysis/assembly.homopolymer-compressed.add_telo_remove_rdna.noseq.gfa /vf/users/Phillippy/projects/hprc-assemblies/assemblies-v4/HG03710/verkko-hi-c/assembly.paths.tsv /vf/users/Phillippy/projects/hprc-assemblies/assemblies-v4/HG03710/verkko-hi-c/assembly.scfmap /vf/users/Phillippy/projects/hprc-assemblies/assemblies-v4/HG03710/verkko-hi-c/analysis/assembly-ref.comp.mashmap
HG03742 /vf/users/Phillippy/projects/hprc-assemblies/assemblies-v4/HG03742/verkko-hi-c/analysis/assembly.refOriented.fasta.gz /vf/users/Phillippy/projects/hprc-assemblies/assemblies-v4/HG03742/verkko-hi-c/analysis/assembly.homopolymer-compressed.add_telo_remove_rdna.noseq.gfa /vf/users/Phillippy/projects/hprc-assemblies/assemblies-v4/HG03742/verkko-hi-c/assembly.paths.tsv /vf/users/Phillippy/projects/hprc-assemblies/assemblies-v4/HG03742/verkko-hi-c/assembly.scfmap /vf/users/Phillippy/projects/hprc-assemblies/assemblies-v4/HG03742/verkko-hi-c/analysis/assembly-ref.comp.mashmap
HG03942 /vf/users/Phillippy/projects/hprc-assemblies/assemblies-v4/HG03942/verkko-thic/analysis/assembly.refOriented.fasta.gz /vf/users/Phillippy/projects/hprc-assemblies/assemblies-v4/HG03942/verkko-thic/analysis/assembly.homopolymer-compressed.add_telo_remove_rdna.noseq.gfa /vf/users/Phillippy/projects/hprc-assemblies/assemblies-v4/HG03942/verkko-thic/assembly.paths.tsv /vf/users/Phillippy/projects/hprc-assemblies/assemblies-v4/HG03942/verkko-thic/assembly.scfmap /vf/users/Phillippy/projects/hprc-assemblies/assemblies-v4/HG03942/verkko-thic/analysis/assembly-ref.comp.mashmap
HG04115 /vf/users/Phillippy/projects/hprc-assemblies/assemblies-v4/HG04115/verkko-thic/analysis/assembly.refOriented.fasta.gz /vf/users/Phillippy/projects/hprc-assemblies/assemblies-v4/HG04115/verkko-thic/analysis/assembly.homopolymer-compressed.add_telo_remove_rdna.noseq.gfa /vf/users/Phillippy/projects/hprc-assemblies/assemblies-v4/HG04115/verkko-thic/assembly.paths.tsv /vf/users/Phillippy/projects/hprc-assemblies/assemblies-v4/HG04115/verkko-thic/assembly.scfmap /vf/users/Phillippy/projects/hprc-assemblies/assemblies-v4/HG04115/verkko-thic/analysis/assembly-ref.comp.mashmap
HG04157 /vf/users/Phillippy/projects/hprc-assemblies/assemblies-v4/HG04157/verkko-hi-c/analysis/assembly.refOriented.fasta.gz /vf/users/Phillippy/projects/hprc-assemblies/assemblies-v4/HG04157/verkko-hi-c/analysis/assembly.homopolymer-compressed.add_telo_remove_rdna.noseq.gfa /vf/users/Phillippy/projects/hprc-assemblies/assemblies-v4/HG04157/verkko-hi-c/assembly.paths.tsv /vf/users/Phillippy/projects/hprc-assemblies/assemblies-v4/HG04157/verkko-hi-c/assembly.scfmap /vf/users/Phillippy/projects/hprc-assemblies/assemblies-v4/HG04157/verkko-hi-c/analysis/assembly-ref.comp.mashmap
HG04160 /vf/users/Phillippy/projects/hprc-assemblies/assemblies-v4/HG04160/verkko-hi-c/analysis/assembly.refOriented.fasta.gz /vf/users/Phillippy/projects/hprc-assemblies/assemblies-v4/HG04160/verkko-hi-c/analysis/assembly.homopolymer-compressed.add_telo_remove_rdna.noseq.gfa /vf/users/Phillippy/projects/hprc-assemblies/assemblies-v4/HG04160/verkko-hi-c/assembly.paths.tsv /vf/users/Phillippy/projects/hprc-assemblies/assemblies-v4/HG04160/verkko-hi-c/assembly.scfmap /vf/users/Phillippy/projects/hprc-assemblies/assemblies-v4/HG04160/verkko-hi-c/analysis/assembly-ref.comp.mashmap
HG04187	/data/Phillippy/projects/hprc-assemblies/assemblies-v4/HG04187/verkko-manual-update/assembly.fasta	/vf/users/Phillippy/projects/hprc-assemblies/assemblies-v4/HG04187/verkko-thic/analysis/assembly.homopolymer-compressed.add_telo_remove_rdna.noseq.gfa	/data/Phillippy/projects/hprc-assemblies/assemblies-v4/HG04187/verkko-manual-update/assembly.paths.tsv	/data/Phillippy/projects/hprc-assemblies/assemblies-v4/HG04187/verkko-manual-update/assembly.scfmap	/vf/users/Phillippy/projects/hprc-assemblies/assemblies-v4/HG04187/verkko-thic/analysis/assembly-ref.comp.mashmap
HG04199 /vf/users/Phillippy/projects/hprc-assemblies/assemblies-v4/HG04199/verkko-hi-c/analysis/assembly.refOriented.fasta.gz /vf/users/Phillippy/projects/hprc-assemblies/assemblies-v4/HG04199/verkko-hi-c/analysis/assembly.homopolymer-compressed.add_telo_remove_rdna.noseq.gfa /vf/users/Phillippy/projects/hprc-assemblies/assemblies-v4/HG04199/verkko-hi-c/assembly.paths.tsv /vf/users/Phillippy/projects/hprc-assemblies/assemblies-v4/HG04199/verkko-hi-c/assembly.scfmap /vf/users/Phillippy/projects/hprc-assemblies/assemblies-v4/HG04199/verkko-hi-c/analysis/assembly-ref.comp.mashmap
HG04204 /vf/users/Phillippy/projects/hprc-assemblies/assemblies-v4/HG04204/verkko-hi-c/analysis/assembly.refOriented.fasta.gz /vf/users/Phillippy/projects/hprc-assemblies/assemblies-v4/HG04204/verkko-hi-c/analysis/assembly.homopolymer-compressed.add_telo_remove_rdna.noseq.gfa /vf/users/Phillippy/projects/hprc-assemblies/assemblies-v4/HG04204/verkko-hi-c/assembly.paths.tsv /vf/users/Phillippy/projects/hprc-assemblies/assemblies-v4/HG04204/verkko-hi-c/assembly.scfmap /vf/users/Phillippy/projects/hprc-assemblies/assemblies-v4/HG04204/verkko-hi-c/analysis/assembly-ref.comp.mashmap
HG04228 /vf/users/Phillippy/projects/hprc-assemblies/assemblies-v4/HG04228/verkko-hi-c/analysis/assembly.refOriented.fasta.gz /vf/users/Phillippy/projects/hprc-assemblies/assemblies-v4/HG04228/verkko-hi-c/analysis/assembly.homopolymer-compressed.add_telo_remove_rdna.noseq.gfa /vf/users/Phillippy/projects/hprc-assemblies/assemblies-v4/HG04228/verkko-hi-c/assembly.paths.tsv /vf/users/Phillippy/projects/hprc-assemblies/assemblies-v4/HG04228/verkko-hi-c/assembly.scfmap /vf/users/Phillippy/projects/hprc-assemblies/assemblies-v4/HG04228/verkko-hi-c/analysis/assembly-ref.comp.mashmap
NA18522 /vf/users/Phillippy/projects/hprc-assemblies/assemblies-v4/NA18522/verkko-hi-c/analysis/assembly.refOriented.fasta.gz /vf/users/Phillippy/projects/hprc-assemblies/assemblies-v4/NA18522/verkko-hi-c/analysis/assembly.homopolymer-compressed.add_telo_remove_rdna.noseq.gfa /vf/users/Phillippy/projects/hprc-assemblies/assemblies-v4/NA18522/verkko-hi-c/assembly.paths.tsv /vf/users/Phillippy/projects/hprc-assemblies/assemblies-v4/NA18522/verkko-hi-c/assembly.scfmap /vf/users/Phillippy/projects/hprc-assemblies/assemblies-v4/NA18522/verkko-hi-c/analysis/assembly-ref.comp.mashmap
NA18608	/data/Phillippy/projects/hprc-assemblies/assemblies-v4/NA18608/verkko-manual-update/test_merged.fasta	/vf/users/Phillippy/projects/hprc-assemblies/assemblies-v4/NA18608/verkko-hi-c/analysis/assembly.homopolymer-compressed.add_telo_remove_rdna.noseq.gfa	/data/Phillippy/projects/hprc-assemblies/assemblies-v4/NA18608/verkko-manual-update/assembly.paths.tsv	/data/Phillippy/projects/hprc-assemblies/assemblies-v4/NA18608/verkko-manual-update/assembly.scfmap	/vf/users/Phillippy/projects/hprc-assemblies/assemblies-v4/NA18608/verkko-hi-c/analysis/assembly-ref.comp.mashmap
NA18612 /vf/users/Phillippy/projects/hprc-assemblies/assemblies-v4/NA18612/verkko-hi-c/analysis/assembly.refOriented.fasta.gz /vf/users/Phillippy/projects/hprc-assemblies/assemblies-v4/NA18612/verkko-hi-c/analysis/assembly.homopolymer-compressed.add_telo_remove_rdna.noseq.gfa /vf/users/Phillippy/projects/hprc-assemblies/assemblies-v4/NA18612/verkko-hi-c/assembly.paths.tsv /vf/users/Phillippy/projects/hprc-assemblies/assemblies-v4/NA18612/verkko-hi-c/assembly.scfmap /vf/users/Phillippy/projects/hprc-assemblies/assemblies-v4/NA18612/verkko-hi-c/analysis/assembly-ref.comp.mashmap
NA18620 /vf/users/Phillippy/projects/hprc-assemblies/assemblies-v4/NA18620/verkko-hi-c/analysis/assembly.refOriented.fasta.gz /vf/users/Phillippy/projects/hprc-assemblies/assemblies-v4/NA18620/verkko-hi-c/analysis/assembly.homopolymer-compressed.add_telo_remove_rdna.noseq.gfa /vf/users/Phillippy/projects/hprc-assemblies/assemblies-v4/NA18620/verkko-hi-c/assembly.paths.tsv /vf/users/Phillippy/projects/hprc-assemblies/assemblies-v4/NA18620/verkko-hi-c/assembly.scfmap /vf/users/Phillippy/projects/hprc-assemblies/assemblies-v4/NA18620/verkko-hi-c/analysis/assembly-ref.comp.mashmap
NA18747 /vf/users/Phillippy/projects/hprc-assemblies/assemblies-v4/NA18747/verkko-hi-c/analysis/assembly.refOriented.fasta.gz /vf/users/Phillippy/projects/hprc-assemblies/assemblies-v4/NA18747/verkko-hi-c/analysis/assembly.homopolymer-compressed.add_telo_remove_rdna.noseq.gfa /vf/users/Phillippy/projects/hprc-assemblies/assemblies-v4/NA18747/verkko-hi-c/assembly.paths.tsv /vf/users/Phillippy/projects/hprc-assemblies/assemblies-v4/NA18747/verkko-hi-c/assembly.scfmap /vf/users/Phillippy/projects/hprc-assemblies/assemblies-v4/NA18747/verkko-hi-c/analysis/assembly-ref.comp.mashmap
NA18879 /vf/users/Phillippy/projects/hprc-assemblies/assemblies-v4/NA18879/verkko-hi-c/analysis/assembly.refOriented.fasta.gz /vf/users/Phillippy/projects/hprc-assemblies/assemblies-v4/NA18879/verkko-hi-c/analysis/assembly.homopolymer-compressed.add_telo_remove_rdna.noseq.gfa /vf/users/Phillippy/projects/hprc-assemblies/assemblies-v4/NA18879/verkko-hi-c/assembly.paths.tsv /vf/users/Phillippy/projects/hprc-assemblies/assemblies-v4/NA18879/verkko-hi-c/assembly.scfmap /vf/users/Phillippy/projects/hprc-assemblies/assemblies-v4/NA18879/verkko-hi-c/analysis/assembly-ref.comp.mashmap
NA18952 /vf/users/Phillippy/projects/hprc-assemblies/assemblies-v4/NA18952/verkko-hi-c/analysis/assembly.refOriented.fasta.gz /vf/users/Phillippy/projects/hprc-assemblies/assemblies-v4/NA18952/verkko-hi-c/analysis/assembly.homopolymer-compressed.add_telo_remove_rdna.noseq.gfa /vf/users/Phillippy/projects/hprc-assemblies/assemblies-v4/NA18952/verkko-hi-c/assembly.paths.tsv /vf/users/Phillippy/projects/hprc-assemblies/assemblies-v4/NA18952/verkko-hi-c/assembly.scfmap /vf/users/Phillippy/projects/hprc-assemblies/assemblies-v4/NA18952/verkko-hi-c/analysis/assembly-ref.comp.mashmap
NA18971	/data/Phillippy/projects/hprc-assemblies/assemblies-v4/NA18971/verkko-manual-update/assembly.fasta	/vf/users/Phillippy/projects/hprc-assemblies/assemblies-v4/NA18971/verkko-hi-c/analysis/assembly.homopolymer-compressed.add_telo_remove_rdna.noseq.gfa	/data/Phillippy/projects/hprc-assemblies/assemblies-v4/NA18971/verkko-manual-update/assembly.paths.tsv	/data/Phillippy/projects/hprc-assemblies/assemblies-v4/NA18971/verkko-manual-update/assembly.scfmap	/vf/users/Phillippy/projects/hprc-assemblies/assemblies-v4/NA18971/verkko-hi-c/analysis/assembly-ref.comp.mashmap
NA18974	/data/Phillippy/projects/hprc-assemblies/assemblies-v4/NA18974/verkko-manual-update/assembly.fasta	/vf/users/Phillippy/projects/hprc-assemblies/assemblies-v4/NA18974/verkko-hi-c/analysis/assembly.homopolymer-compressed.add_telo_remove_rdna.noseq.gfa	/data/Phillippy/projects/hprc-assemblies/assemblies-v4/NA18974/verkko-manual-update/assembly.paths.tsv	/data/Phillippy/projects/hprc-assemblies/assemblies-v4/NA18974/verkko-manual-update/assembly.scfmap	/vf/users/Phillippy/projects/hprc-assemblies/assemblies-v4/NA18974/verkko-hi-c/analysis/assembly-ref.comp.mashmap
NA18983 /vf/users/Phillippy/projects/hprc-assemblies/assemblies-v4/NA18983/verkko-hi-c/analysis/assembly.refOriented.fasta.gz /vf/users/Phillippy/projects/hprc-assemblies/assemblies-v4/NA18983/verkko-hi-c/analysis/assembly.homopolymer-compressed.add_telo_remove_rdna.noseq.gfa /vf/users/Phillippy/projects/hprc-assemblies/assemblies-v4/NA18983/verkko-hi-c/assembly.paths.tsv /vf/users/Phillippy/projects/hprc-assemblies/assemblies-v4/NA18983/verkko-hi-c/assembly.scfmap /vf/users/Phillippy/projects/hprc-assemblies/assemblies-v4/NA18983/verkko-hi-c/analysis/assembly-ref.comp.mashmap
NA19043 /vf/users/Phillippy/projects/hprc-assemblies/assemblies-v4/NA19043/verkko-hi-c/analysis/assembly.refOriented.fasta.gz /vf/users/Phillippy/projects/hprc-assemblies/assemblies-v4/NA19043/verkko-hi-c/analysis/assembly.homopolymer-compressed.add_telo_remove_rdna.noseq.gfa /vf/users/Phillippy/projects/hprc-assemblies/assemblies-v4/NA19043/verkko-hi-c/assembly.paths.tsv /vf/users/Phillippy/projects/hprc-assemblies/assemblies-v4/NA19043/verkko-hi-c/assembly.scfmap /vf/users/Phillippy/projects/hprc-assemblies/assemblies-v4/NA19043/verkko-hi-c/analysis/assembly-ref.comp.mashmap
NA19443 /vf/users/Phillippy/projects/hprc-assemblies/assemblies-v4/NA19443/verkko-hi-c/analysis/assembly.refOriented.fasta.gz /vf/users/Phillippy/projects/hprc-assemblies/assemblies-v4/NA19443/verkko-hi-c/analysis/assembly.homopolymer-compressed.add_telo_remove_rdna.noseq.gfa /vf/users/Phillippy/projects/hprc-assemblies/assemblies-v4/NA19443/verkko-hi-c/assembly.paths.tsv /vf/users/Phillippy/projects/hprc-assemblies/assemblies-v4/NA19443/verkko-hi-c/assembly.scfmap /vf/users/Phillippy/projects/hprc-assemblies/assemblies-v4/NA19443/verkko-hi-c/analysis/assembly-ref.comp.mashmap
NA19682 /vf/users/Phillippy/projects/hprc-assemblies/assemblies-v4/NA19682/verkko-hi-c/analysis/assembly.refOriented.fasta.gz /vf/users/Phillippy/projects/hprc-assemblies/assemblies-v4/NA19682/verkko-hi-c/analysis/assembly.homopolymer-compressed.add_telo_remove_rdna.noseq.gfa /vf/users/Phillippy/projects/hprc-assemblies/assemblies-v4/NA19682/verkko-hi-c/assembly.paths.tsv /vf/users/Phillippy/projects/hprc-assemblies/assemblies-v4/NA19682/verkko-hi-c/assembly.scfmap /vf/users/Phillippy/projects/hprc-assemblies/assemblies-v4/NA19682/verkko-hi-c/analysis/assembly-ref.comp.mashmap
NA19700 /vf/users/Phillippy/projects/hprc-assemblies/assemblies-v4/NA19700/verkko-hi-c/analysis/assembly.refOriented.fasta.gz /vf/users/Phillippy/projects/hprc-assemblies/assemblies-v4/NA19700/verkko-hi-c/analysis/assembly.homopolymer-compressed.add_telo_remove_rdna.noseq.gfa /vf/users/Phillippy/projects/hprc-assemblies/assemblies-v4/NA19700/verkko-hi-c/assembly.paths.tsv /vf/users/Phillippy/projects/hprc-assemblies/assemblies-v4/NA19700/verkko-hi-c/assembly.scfmap /vf/users/Phillippy/projects/hprc-assemblies/assemblies-v4/NA19700/verkko-hi-c/analysis/assembly-ref.comp.mashmap
NA20346 /vf/users/Phillippy/projects/hprc-assemblies/assemblies-v4/NA20346/verkko-hi-c/analysis/assembly.refOriented.fasta.gz /vf/users/Phillippy/projects/hprc-assemblies/assemblies-v4/NA20346/verkko-hi-c/analysis/assembly.homopolymer-compressed.add_telo_remove_rdna.noseq.gfa /vf/users/Phillippy/projects/hprc-assemblies/assemblies-v4/NA20346/verkko-hi-c/assembly.paths.tsv /vf/users/Phillippy/projects/hprc-assemblies/assemblies-v4/NA20346/verkko-hi-c/assembly.scfmap /vf/users/Phillippy/projects/hprc-assemblies/assemblies-v4/NA20346/verkko-hi-c/analysis/assembly-ref.comp.mashmap
NA20752 /vf/users/Phillippy/projects/hprc-assemblies/assemblies-v4/NA20752/verkko-hi-c/analysis/assembly.refOriented.fasta.gz /vf/users/Phillippy/projects/hprc-assemblies/assemblies-v4/NA20752/verkko-hi-c/analysis/assembly.homopolymer-compressed.add_telo_remove_rdna.noseq.gfa /vf/users/Phillippy/projects/hprc-assemblies/assemblies-v4/NA20752/verkko-hi-c/assembly.paths.tsv /vf/users/Phillippy/projects/hprc-assemblies/assemblies-v4/NA20752/verkko-hi-c/assembly.scfmap /vf/users/Phillippy/projects/hprc-assemblies/assemblies-v4/NA20752/verkko-hi-c/analysis/assembly-ref.comp.mashmap
NA20805 /vf/users/Phillippy/projects/hprc-assemblies/assemblies-v4/NA20805/verkko-hi-c/analysis/assembly.refOriented.fasta.gz /vf/users/Phillippy/projects/hprc-assemblies/assemblies-v4/NA20805/verkko-hi-c/analysis/assembly.homopolymer-compressed.add_telo_remove_rdna.noseq.gfa /vf/users/Phillippy/projects/hprc-assemblies/assemblies-v4/NA20805/verkko-hi-c/assembly.paths.tsv /vf/users/Phillippy/projects/hprc-assemblies/assemblies-v4/NA20805/verkko-hi-c/assembly.scfmap /vf/users/Phillippy/projects/hprc-assemblies/assemblies-v4/NA20805/verkko-hi-c/analysis/assembly-ref.comp.mashmap
NA20809 /vf/users/Phillippy/projects/hprc-assemblies/assemblies-v4/NA20809/verkko-hi-c/analysis/assembly.refOriented.fasta.gz /vf/users/Phillippy/projects/hprc-assemblies/assemblies-v4/NA20809/verkko-hi-c/analysis/assembly.homopolymer-compressed.add_telo_remove_rdna.noseq.gfa /vf/users/Phillippy/projects/hprc-assemblies/assemblies-v4/NA20809/verkko-hi-c/assembly.paths.tsv /vf/users/Phillippy/projects/hprc-assemblies/assemblies-v4/NA20809/verkko-hi-c/assembly.scfmap /vf/users/Phillippy/projects/hprc-assemblies/assemblies-v4/NA20809/verkko-hi-c/analysis/assembly-ref.comp.mashmap
NA20850 /vf/users/Phillippy/projects/hprc-assemblies/assemblies-v4/NA20850/verkko-hi-c/analysis/assembly.refOriented.fasta.gz /vf/users/Phillippy/projects/hprc-assemblies/assemblies-v4/NA20850/verkko-hi-c/analysis/assembly.homopolymer-compressed.add_telo_remove_rdna.noseq.gfa /vf/users/Phillippy/projects/hprc-assemblies/assemblies-v4/NA20850/verkko-hi-c/assembly.paths.tsv /vf/users/Phillippy/projects/hprc-assemblies/assemblies-v4/NA20850/verkko-hi-c/assembly.scfmap /vf/users/Phillippy/projects/hprc-assemblies/assemblies-v4/NA20850/verkko-hi-c/analysis/assembly-ref.comp.mashmap
NA20870 /vf/users/Phillippy/projects/hprc-assemblies/assemblies-v4/NA20870/verkko-hi-c/analysis/assembly.refOriented.fasta.gz /vf/users/Phillippy/projects/hprc-assemblies/assemblies-v4/NA20870/verkko-hi-c/analysis/assembly.homopolymer-compressed.add_telo_remove_rdna.noseq.gfa /vf/users/Phillippy/projects/hprc-assemblies/assemblies-v4/NA20870/verkko-hi-c/assembly.paths.tsv /vf/users/Phillippy/projects/hprc-assemblies/assemblies-v4/NA20870/verkko-hi-c/assembly.scfmap /vf/users/Phillippy/projects/hprc-assemblies/assemblies-v4/NA20870/verkko-hi-c/analysis/assembly-ref.comp.mashmap
NA20905 /vf/users/Phillippy/projects/hprc-assemblies/assemblies-v4/NA20905/verkko-hi-c/analysis/assembly.refOriented.fasta.gz /vf/users/Phillippy/projects/hprc-assemblies/assemblies-v4/NA20905/verkko-hi-c/analysis/assembly.homopolymer-compressed.add_telo_remove_rdna.noseq.gfa /vf/users/Phillippy/projects/hprc-assemblies/assemblies-v4/NA20905/verkko-hi-c/assembly.paths.tsv /vf/users/Phillippy/projects/hprc-assemblies/assemblies-v4/NA20905/verkko-hi-c/assembly.scfmap /vf/users/Phillippy/projects/hprc-assemblies/assemblies-v4/NA20905/verkko-hi-c/analysis/assembly-ref.comp.mashmap
NA21093 /vf/users/Phillippy/projects/hprc-assemblies/assemblies-v4/NA21093/verkko-hi-c/analysis/assembly.refOriented.fasta.gz /vf/users/Phillippy/projects/hprc-assemblies/assemblies-v4/NA21093/verkko-hi-c/analysis/assembly.homopolymer-compressed.add_telo_remove_rdna.noseq.gfa /vf/users/Phillippy/projects/hprc-assemblies/assemblies-v4/NA21093/verkko-hi-c/assembly.paths.tsv /vf/users/Phillippy/projects/hprc-assemblies/assemblies-v4/NA21093/verkko-hi-c/assembly.scfmap /vf/users/Phillippy/projects/hprc-assemblies/assemblies-v4/NA21093/verkko-hi-c/analysis/assembly-ref.comp.mashmap
